2024-08-09 11:33:58,875 : INFO : Entering text 'standard_user' in element by locator: ('id', 'user-name')
2024-08-09 11:33:58,876 : INFO : Waiting for element by locator: ('id', 'user-name')
2024-08-09 11:33:58,999 : INFO : Entering text 'secret_sauce' in element by locator: ('id', 'password')
2024-08-09 11:33:58,999 : INFO : Waiting for element by locator: ('id', 'password')
2024-08-09 11:33:59,085 : INFO : Clicking element by locator: ('id', 'login-button')
2024-08-09 11:33:59,085 : INFO : Waiting for element by locator: ('id', 'login-button')
2024-08-09 11:34:01,191 : INFO : Clicking element by locator: ('xpath', "//button[text()='Add to cart']")
2024-08-09 11:34:01,191 : INFO : Waiting for element by locator: ('xpath', "//button[text()='Add to cart']")
2024-08-09 11:34:01,236 : INFO : Waiting for element by locator: ('xpath', "//button[text()='Remove']")
